08-28 20:30:28.769 16896 16896 I Quality : Skipped: false 8 cost 72.23798 refreshRate 0 processName com.android.todolist
08-28 20:30:28.778  2020  5496 V WindowManager: Changing focus from Window{6ed97c6 u0 com.android.todolist/com.android.todolist.ListActivity} to Window{9605fa0 u0 PopupWindow:591b972},diplayid=0
08-28 20:30:28.820 16896 16896 I Quality : Skipped: false 5 cost 48.811993 refreshRate 0 processName com.android.todolist
08-28 20:30:30.072 16896 16896 I Quality : Skipped: false 1 cost 9.525875 refreshRate 0 processName com.android.todolist
08-28 20:30:30.080  2020  5496 V WindowManager: Changing focus from Window{9605fa0 u0 PopupWindow:591b972} to Window{6ed97c6 u0 com.android.todolist/com.android.todolist.ListActivity},diplayid=0
08-28 20:30:30.130 16896 16896 I Quality : Skipped: false 6 cost 51.32635 refreshRate 0 processName com.android.todolist
08-28 20:30:30.151  2020  5496 V WindowManager: Changing focus from Window{6ed97c6 u0 com.android.todolist/com.android.todolist.ListActivity} to Window{b25b3f7 u0 com.android.todolist/com.android.todolist.ListActivity},diplayid=0
08-28 20:30:30.181 16896 16896 I Quality : Skipped: false 5 cost 43.921867 refreshRate 0 processName com.android.todolist
08-28 20:30:30.919 16896 16896 I Quality : Skipped: false 1 cost 16.205036 refreshRate 0 processName com.android.todolist
08-28 20:30:32.716  2020  5519 V WindowManager: Changing focus from Window{b25b3f7 u0 com.android.todolist/com.android.todolist.ListActivity EXITING} to Window{6ed97c6 u0 com.android.todolist/com.android.todolist.ListActivity},diplayid=0
08-28 20:30:33.848  2020  6061 I ActivityTaskManager: START u0 {cmp=com.android.todolist/.MainActivity mCallingUid=10479} from uid 10479
08-28 20:30:33.851  2020  6061 D OplusZoomWindowRUSConfigManager: isSupportZoomModeWithPolicyLocked: target = com.android.todolist/.MainActivity
08-28 20:30:33.851  2020  6061 D OplusZoomWindowRUSConfigManager: targetPkg = com.android.todolist
08-28 20:30:33.851  2020  6061 V OplusZoomWindowManagerService: unSupportZoom: false ,callingPid: 16896 ,sourceStack: Task{dc11643 #61 type=standard A=10479:com.android.todolist U=0 visible=true mode=fullscreen translucent=false sz=6}
08-28 20:30:33.857  2020  6061 D CompactWindowManagerService: onOriginListAdded child: ActivityRecord{c4b245 u0 com.android.todolist/.MainActivity t61}; parent: Task{dc11643 #61 type=standard A=10479:com.android.todolist U=0 visible=true mode=fullscreen translucent=false sz=7}
08-28 20:30:33.857  2020  6061 D TaskExtImpl: add ActivityRecord{c4b245 u0 com.android.todolist/.MainActivity t61} to mActivityRecordSum = Counter{ com.android.todolist/.ListActivity(1) com.android.todolist/.MainActivity(6) }
08-28 20:30:33.858  2020  6061 D ActivityTaskManager: getStartingWindowType: newTask=false, taskSwitch=false, processRunning=true, allowTaskSnapshot=true, activityCreated=false, snapshot=TaskSnapshot{ mId=1661707620480 mTopActivityComponent=com.android.todolist/.MainActivity mSnapshot=android.hardware.HardwareBuffer@97559e7 (1080x2400) mColorSpace=sRGB IEC61966-2.1 (id=0, model=RGB) mOrientation=1 mRotation=0 mTaskSize=Point(1080, 2400) mContentInsets=[0,103][0,0] mIsLowResolution=false mIsRealSnapshot=true mWindowingMode=1 mAppearance=0 mIsTranslucent=false mHasImeSurface=false, record:ActivityRecord{c4b245 u0 com.android.todolist/.MainActivity t61}
08-28 20:30:33.858  2020  6061 D OplusZoomWindowRUSConfigManager: isSupportZoomModeWithPolicyLocked: target = com.android.todolist/.MainActivity
08-28 20:30:33.858  2020  6061 D OplusZoomWindowRUSConfigManager: targetPkg = com.android.todolist
08-28 20:30:33.858  2020  6061 V OplusZoomWindowManagerService: unSupportZoom: false ,callingPid: 16896 ,sourceStack: Task{dc11643 #61 type=standard A=10479:com.android.todolist U=0 visible=true mode=fullscreen translucent=false sz=7}
08-28 20:30:33.864 16896 16896 I Quality : Skipped: false 2 cost 22.310629 refreshRate 0 processName com.android.todolist
08-28 20:30:33.866  2020  6061 I ActivityTaskManager: The Process com.android.todolist Already Exists in BG. So sending its PID: 16896
08-28 20:30:33.868  2020  6061 V WindowManager: Changing focus from Window{6ed97c6 u0 com.android.todolist/com.android.todolist.ListActivity} to null,diplayid=0
08-28 20:30:33.868  2020  6061 D CompactWindowManagerService: notifyCompactWindowState task: Task{dc11643 #61 type=standard A=10479:com.android.todolist U=0 visible=true mode=fullscreen translucent=false sz=7}; hasFocus: false
08-28 20:30:33.914  2020  2877 V WindowManager: Changing focus from null to Window{c51f4a7 u0 com.android.todolist/com.android.todolist.MainActivity},diplayid=0
08-28 20:30:33.914  2020  2877 D CompactWindowManagerService: notifyCompactWindowState task: Task{dc11643 #61 type=standard A=10479:com.android.todolist U=0 visible=true mode=fullscreen translucent=false sz=7}; hasFocus: true
08-28 20:30:33.914  2020  2877 D ActivityTaskManager: onWindowFocusChanged Task{dc11643 #61 type=standard A=10479:com.android.todolist U=0 visible=true mode=fullscreen translucent=false sz=7} would transfer to compact
08-28 20:30:33.933  2020  2052 D CompactWindowManagerService: updateBackgroundSurface openingApp: ActivityRecord{c4b245 u0 com.android.todolist/.MainActivity t61}
08-28 20:30:33.933  2020  2052 D CompactWindowManagerService: addSiblingToAnimationTargets:sibling = ActivityRecord{13c7231 u0 com.android.todolist/.ListActivity t61 f}}; replacedMoveAnimation = -1
08-28 20:30:33.933  2020  2052 D CompactWindowManagerService: addSiblingToAnimationTargets:sibling = ActivityRecord{13c7231 u0 com.android.todolist/.ListActivity t61 f}}; replacedMoveAnimation = -1
08-28 20:30:33.933  2020  2052 D CompactWindowManagerService: addSiblingToAnimationTargets:sibling = ActivityRecord{13c7231 u0 com.android.todolist/.ListActivity t61 f}}; replacedMoveAnimation = -1
08-28 20:30:33.936 16896 16896 I Quality : Skipped: false 4 cost 35.793003 refreshRate 0 processName com.android.todolist
08-28 20:30:33.939  2020  2052 D OplusZoomWindowManagerService: adjustWindowCropForLeash start: appToken = ActivityRecord{c4b245 u0 com.android.todolist/.MainActivity t61}
08-28 20:30:33.941  2020  2052 D OplusZoomWindowManagerService: adjustWindowCropForLeash start: appToken = ActivityRecord{13c7231 u0 com.android.todolist/.ListActivity t61 f}}
08-28 20:30:33.942  2020  2052 I Quality : LaunchTime2.0: com.android.todolist/.MainActivity 2 81
08-28 20:30:34.345  2020  2052 V OplusZoomWindowManagerService: onAnimationFinished:  r = ActivityRecord{c4b245 u0 com.android.todolist/.MainActivity t61}
08-28 20:30:34.345  2020  2052 I OplusAppSwitchManagerService:  handleAppVisible , r = ActivityRecord{c4b245 u0 com.android.todolist/.MainActivity t61}
08-28 20:30:34.346  2020  2052 V OplusZoomWindowManagerService: onAnimationFinished:  r = ActivityRecord{13c7231 u0 com.android.todolist/.ListActivity t61 f}}
08-28 20:30:34.360  2020  5348 D TaskExtImpl: remove ActivityRecord{13c7231 u0 com.android.todolist/.ListActivity t-1 f}} to mActivityRecordSum = Counter{ com.android.todolist/.MainActivity(6) }
08-28 20:30:35.513 16896 16896 I Quality : Skipped: false 4 cost 39.051224 refreshRate 0 processName com.android.todolist
08-28 20:30:35.528  2020  5496 V WindowManager: Changing focus from Window{c51f4a7 u0 com.android.todolist/com.android.todolist.MainActivity} to Window{7041023 u0 com.android.todolist/com.android.todolist.MainActivity},diplayid=0
08-28 20:30:35.549 16896 16896 I Quality : Skipped: false 4 cost 34.211056 refreshRate 0 processName com.android.todolist
08-28 20:30:36.495 16896 16896 I Quality : Skipped: false 1 cost 13.647175 refreshRate 0 processName com.android.todolist
08-28 20:30:37.989  2020  2753 V WindowManager: Changing focus from Window{7041023 u0 com.android.todolist/com.android.todolist.MainActivity EXITING} to Window{c51f4a7 u0 com.android.todolist/com.android.todolist.MainActivity},diplayid=0
08-28 20:30:39.543  2020  2877 I ActivityTaskManager: START u0 {cmp=com.android.todolist/.ListActivity (has extras) mCallingUid=10479} from uid 10479
08-28 20:30:39.545  2020  2877 D OplusZoomWindowRUSConfigManager: isSupportZoomModeWithPolicyLocked: target = com.android.todolist/.ListActivity
08-28 20:30:39.545  2020  2877 D OplusZoomWindowRUSConfigManager: targetPkg = com.android.todolist
08-28 20:30:39.545  2020  2877 V OplusZoomWindowManagerService: unSupportZoom: false ,callingPid: 16896 ,sourceStack: Task{dc11643 #61 type=standard A=10479:com.android.todolist U=0 visible=true mode=fullscreen translucent=false sz=6}
08-28 20:30:39.549  2020  2877 D CompactWindowManagerService: onOriginListAdded child: ActivityRecord{e229941 u0 com.android.todolist/.ListActivity t61}; parent: Task{dc11643 #61 type=standard A=10479:com.android.todolist U=0 visible=true mode=fullscreen translucent=false sz=7}
08-28 20:30:39.550  2020  2877 D TaskExtImpl: add ActivityRecord{e229941 u0 com.android.todolist/.ListActivity t61} to mActivityRecordSum = Counter{ com.android.todolist/.ListActivity(1) com.android.todolist/.MainActivity(6) }
08-28 20:30:39.550  2020  2877 D ActivityTaskManager: getStartingWindowType: newTask=false, taskSwitch=false, processRunning=true, allowTaskSnapshot=true, activityCreated=false, snapshot=TaskSnapshot{ mId=1661707620480 mTopActivityComponent=com.android.todolist/.MainActivity mSnapshot=android.hardware.HardwareBuffer@97559e7 (1080x2400) mColorSpace=sRGB IEC61966-2.1 (id=0, model=RGB) mOrientation=1 mRotation=0 mTaskSize=Point(1080, 2400) mContentInsets=[0,103][0,0] mIsLowResolution=false mIsRealSnapshot=true mWindowingMode=1 mAppearance=0 mIsTranslucent=false mHasImeSurface=false, record:ActivityRecord{e229941 u0 com.android.todolist/.ListActivity t61}
08-28 20:30:39.550  2020  2877 D OplusZoomWindowRUSConfigManager: isSupportZoomModeWithPolicyLocked: target = com.android.todolist/.ListActivity
08-28 20:30:39.550  2020  2877 D OplusZoomWindowRUSConfigManager: targetPkg = com.android.todolist
08-28 20:30:39.550  2020  2877 V OplusZoomWindowManagerService: unSupportZoom: false ,callingPid: 16896 ,sourceStack: Task{dc11643 #61 type=standard A=10479:com.android.todolist U=0 visible=true mode=fullscreen translucent=false sz=7}
08-28 20:30:39.554 16896 16896 I Quality : Skipped: true 4 cost 34.09016 refreshRate 0 processName com.android.todolist
08-28 20:30:39.563  2020  5519 I ActivityTaskManager: The Process com.android.todolist Already Exists in BG. So sending its PID: 16896
08-28 20:30:39.566  2020  5519 V WindowManager: Changing focus from Window{c51f4a7 u0 com.android.todolist/com.android.todolist.MainActivity} to null,diplayid=0
08-28 20:30:39.566  2020  5519 D CompactWindowManagerService: notifyCompactWindowState task: Task{dc11643 #61 type=standard A=10479:com.android.todolist U=0 visible=true mode=fullscreen translucent=false sz=7}; hasFocus: false
08-28 20:30:39.602 16896 16896 I Quality : Skipped: false 2 cost 24.12296 refreshRate 0 processName com.android.todolist
08-28 20:30:39.608  2020  6070 V WindowManager: Changing focus from null to Window{abf2d96 u0 com.android.todolist/com.android.todolist.ListActivity},diplayid=0
08-28 20:30:39.608  2020  6070 D CompactWindowManagerService: notifyCompactWindowState task: Task{dc11643 #61 type=standard A=10479:com.android.todolist U=0 visible=true mode=fullscreen translucent=false sz=7}; hasFocus: true
08-28 20:30:39.608  2020  6070 D ActivityTaskManager: onWindowFocusChanged Task{dc11643 #61 type=standard A=10479:com.android.todolist U=0 visible=true mode=fullscreen translucent=false sz=7} would transfer to compact
08-28 20:30:39.618  2020  2052 D CompactWindowManagerService: updateBackgroundSurface openingApp: ActivityRecord{e229941 u0 com.android.todolist/.ListActivity t61}
08-28 20:30:39.618  2020  2052 D CompactWindowManagerService: addSiblingToAnimationTargets:sibling = ActivityRecord{c4b245 u0 com.android.todolist/.MainActivity t61}; replacedMoveAnimation = -1
08-28 20:30:39.618  2020  2052 D CompactWindowManagerService: addSiblingToAnimationTargets:sibling = ActivityRecord{c4b245 u0 com.android.todolist/.MainActivity t61}; replacedMoveAnimation = -1
08-28 20:30:39.618  2020  2052 D CompactWindowManagerService: addSiblingToAnimationTargets:sibling = ActivityRecord{c4b245 u0 com.android.todolist/.MainActivity t61}; replacedMoveAnimation = -1
08-28 20:30:39.620  2020  2052 D OplusZoomWindowManagerService: adjustWindowCropForLeash start: appToken = ActivityRecord{e229941 u0 com.android.todolist/.ListActivity t61}
08-28 20:30:39.621  2020  2052 D OplusZoomWindowManagerService: adjustWindowCropForLeash start: appToken = ActivityRecord{c4b245 u0 com.android.todolist/.MainActivity t61}
08-28 20:30:39.622 16896 16896 I Quality : Skipped: false 1 cost 10.2072935 refreshRate 0 processName com.android.todolist
08-28 20:30:39.623  2020  2052 I Quality : LaunchTime2.0: com.android.todolist/.ListActivity 2 69
08-28 20:30:40.023  2020  2052 V OplusZoomWindowManagerService: onAnimationFinished:  r = ActivityRecord{c4b245 u0 com.android.todolist/.MainActivity t61}
08-28 20:30:40.025  2020  2052 V OplusZoomWindowManagerService: onAnimationFinished:  r = ActivityRecord{e229941 u0 com.android.todolist/.ListActivity t61}
08-28 20:30:40.025  2020  2052 I OplusAppSwitchManagerService:  handleAppVisible , r = ActivityRecord{e229941 u0 com.android.todolist/.ListActivity t61}
08-28 20:30:40.542 16896 16896 I Quality : Skipped: false 1 cost 14.601333 refreshRate 0 processName com.android.todolist
08-28 20:30:41.552  2020  3527 W NotificationService: Toast already killed. pkg=com.android.todolist token=android.os.BinderProxy@6bf758a
08-28 20:30:41.553 16896 16896 I Quality : Skipped: false 1 cost 9.278577 refreshRate 0 processName com.android.todolist
08-28 20:30:44.216  2020  2877 I ActivityTaskManager: START u0 {cmp=com.android.todolist/.MainActivity mCallingUid=10479} from uid 10479
08-28 20:30:44.219  2020  2877 D OplusZoomWindowRUSConfigManager: isSupportZoomModeWithPolicyLocked: target = com.android.todolist/.MainActivity
08-28 20:30:44.219  2020  2877 D OplusZoomWindowRUSConfigManager: targetPkg = com.android.todolist
08-28 20:30:44.220  2020  2877 V OplusZoomWindowManagerService: unSupportZoom: false ,callingPid: 16896 ,sourceStack: Task{dc11643 #61 type=standard A=10479:com.android.todolist U=0 visible=true mode=fullscreen translucent=false sz=7}
08-28 20:30:44.225  2020  2877 D CompactWindowManagerService: onOriginListAdded child: ActivityRecord{ac025eb u0 com.android.todolist/.MainActivity t61}; parent: Task{dc11643 #61 type=standard A=10479:com.android.todolist U=0 visible=true mode=fullscreen translucent=false sz=8}
08-28 20:30:44.225  2020  2877 D TaskExtImpl: add ActivityRecord{ac025eb u0 com.android.todolist/.MainActivity t61} to mActivityRecordSum = Counter{ com.android.todolist/.ListActivity(1) com.android.todolist/.MainActivity(7) }
08-28 20:30:44.226  2020  2877 D ActivityTaskManager: getStartingWindowType: newTask=false, taskSwitch=false, processRunning=true, allowTaskSnapshot=true, activityCreated=false, snapshot=TaskSnapshot{ mId=1661707620480 mTopActivityComponent=com.android.todolist/.MainActivity mSnapshot=android.hardware.HardwareBuffer@97559e7 (1080x2400) mColorSpace=sRGB IEC61966-2.1 (id=0, model=RGB) mOrientation=1 mRotation=0 mTaskSize=Point(1080, 2400) mContentInsets=[0,103][0,0] mIsLowResolution=false mIsRealSnapshot=true mWindowingMode=1 mAppearance=0 mIsTranslucent=false mHasImeSurface=false, record:ActivityRecord{ac025eb u0 com.android.todolist/.MainActivity t61}
08-28 20:30:44.226  2020  2877 D OplusZoomWindowRUSConfigManager: isSupportZoomModeWithPolicyLocked: target = com.android.todolist/.MainActivity
08-28 20:30:44.226  2020  2877 D OplusZoomWindowRUSConfigManager: targetPkg = com.android.todolist
08-28 20:30:44.226  2020  2877 V OplusZoomWindowManagerService: unSupportZoom: false ,callingPid: 16896 ,sourceStack: Task{dc11643 #61 type=standard A=10479:com.android.todolist U=0 visible=true mode=fullscreen translucent=false sz=8}
08-28 20:30:44.230 16896 16896 I Quality : Skipped: false 2 cost 22.30938 refreshRate 0 processName com.android.todolist
08-28 20:30:44.232  2020  2753 I ActivityTaskManager: The Process com.android.todolist Already Exists in BG. So sending its PID: 16896
08-28 20:30:44.234  2020  2753 V WindowManager: Changing focus from Window{abf2d96 u0 com.android.todolist/com.android.todolist.ListActivity} to null,diplayid=0
08-28 20:30:44.234  2020  2753 D CompactWindowManagerService: notifyCompactWindowState task: Task{dc11643 #61 type=standard A=10479:com.android.todolist U=0 visible=true mode=fullscreen translucent=false sz=8}; hasFocus: false
08-28 20:30:44.261 16896 16896 I Quality : Skipped: false 2 cost 19.667423 refreshRate 0 processName com.android.todolist
08-28 20:30:44.277  2020  3416 V WindowManager: Changing focus from null to Window{adadb1d u0 com.android.todolist/com.android.todolist.MainActivity},diplayid=0
08-28 20:30:44.277  2020  3416 D CompactWindowManagerService: notifyCompactWindowState task: Task{dc11643 #61 type=standard A=10479:com.android.todolist U=0 visible=true mode=fullscreen translucent=false sz=8}; hasFocus: true
08-28 20:30:44.277  2020  3416 D ActivityTaskManager: onWindowFocusChanged Task{dc11643 #61 type=standard A=10479:com.android.todolist U=0 visible=true mode=fullscreen translucent=false sz=8} would transfer to compact
08-28 20:30:44.300  2020  2052 D CompactWindowManagerService: updateBackgroundSurface openingApp: ActivityRecord{ac025eb u0 com.android.todolist/.MainActivity t61}
08-28 20:30:44.301  2020  2052 D CompactWindowManagerService: addSiblingToAnimationTargets:sibling = ActivityRecord{e229941 u0 com.android.todolist/.ListActivity t61 f}}; replacedMoveAnimation = -1
08-28 20:30:44.301  2020  2052 D CompactWindowManagerService: addSiblingToAnimationTargets:sibling = ActivityRecord{e229941 u0 com.android.todolist/.ListActivity t61 f}}; replacedMoveAnimation = -1
08-28 20:30:44.301  2020  2052 D CompactWindowManagerService: addSiblingToAnimationTargets:sibling = ActivityRecord{e229941 u0 com.android.todolist/.ListActivity t61 f}}; replacedMoveAnimation = -1
08-28 20:30:44.304  2020  2052 D OplusZoomWindowManagerService: adjustWindowCropForLeash start: appToken = ActivityRecord{ac025eb u0 com.android.todolist/.MainActivity t61}
08-28 20:30:44.304 16896 16896 I Quality : Skipped: false 4 cost 37.822872 refreshRate 0 processName com.android.todolist
08-28 20:30:44.306  2020  2052 D OplusZoomWindowManagerService: adjustWindowCropForLeash start: appToken = ActivityRecord{e229941 u0 com.android.todolist/.ListActivity t61 f}}
08-28 20:30:44.308  2020  2052 I Quality : LaunchTime2.0: com.android.todolist/.MainActivity 2 78
08-28 20:30:44.712  2020  2052 V OplusZoomWindowManagerService: onAnimationFinished:  r = ActivityRecord{e229941 u0 com.android.todolist/.ListActivity t61 f}}
08-28 20:30:44.713  2020  2052 V OplusZoomWindowManagerService: onAnimationFinished:  r = ActivityRecord{ac025eb u0 com.android.todolist/.MainActivity t61}
08-28 20:30:44.713  2020  2052 I OplusAppSwitchManagerService:  handleAppVisible , r = ActivityRecord{ac025eb u0 com.android.todolist/.MainActivity t61}
08-28 20:30:44.729  2020  3416 D TaskExtImpl: remove ActivityRecord{e229941 u0 com.android.todolist/.ListActivity t-1 f}} to mActivityRecordSum = Counter{ com.android.todolist/.MainActivity(7) }
08-28 20:31:44.762  2020  5496 I ActivityTaskManager: START u0 {cmp=com.android.todolist/.ListActivity (has extras) mCallingUid=10479} from uid 10479
08-28 20:31:44.765  2020  5496 D OplusZoomWindowRUSConfigManager: isSupportZoomModeWithPolicyLocked: target = com.android.todolist/.ListActivity
08-28 20:31:44.765  2020  5496 D OplusZoomWindowRUSConfigManager: targetPkg = com.android.todolist
08-28 20:31:44.765  2020  5496 V OplusZoomWindowManagerService: unSupportZoom: false ,callingPid: 16896 ,sourceStack: Task{dc11643 #61 type=standard A=10479:com.android.todolist U=0 visible=true mode=fullscreen translucent=false sz=7}
08-28 20:31:44.771  2020  5496 D CompactWindowManagerService: onOriginListAdded child: ActivityRecord{ab99a10 u0 com.android.todolist/.ListActivity t61}; parent: Task{dc11643 #61 type=standard A=10479:com.android.todolist U=0 visible=true mode=fullscreen translucent=false sz=8}
08-28 20:31:44.772  2020  5496 D TaskExtImpl: add ActivityRecord{ab99a10 u0 com.android.todolist/.ListActivity t61} to mActivityRecordSum = Counter{ com.android.todolist/.ListActivity(1) com.android.todolist/.MainActivity(7) }
08-28 20:31:44.772  2020  5496 D ActivityTaskManager: getStartingWindowType: newTask=false, taskSwitch=false, processRunning=true, allowTaskSnapshot=true, activityCreated=false, snapshot=TaskSnapshot{ mId=1661707620480 mTopActivityComponent=com.android.todolist/.MainActivity mSnapshot=android.hardware.HardwareBuffer@97559e7 (1080x2400) mColorSpace=sRGB IEC61966-2.1 (id=0, model=RGB) mOrientation=1 mRotation=0 mTaskSize=Point(1080, 2400) mContentInsets=[0,103][0,0] mIsLowResolution=false mIsRealSnapshot=true mWindowingMode=1 mAppearance=0 mIsTranslucent=false mHasImeSurface=false, record:ActivityRecord{ab99a10 u0 com.android.todolist/.ListActivity t61}
08-28 20:31:44.772  2020  5496 D OplusZoomWindowRUSConfigManager: isSupportZoomModeWithPolicyLocked: target = com.android.todolist/.ListActivity
08-28 20:31:44.772  2020  5496 D OplusZoomWindowRUSConfigManager: targetPkg = com.android.todolist
08-28 20:31:44.772  2020  5496 V OplusZoomWindowManagerService: unSupportZoom: false ,callingPid: 16896 ,sourceStack: Task{dc11643 #61 type=standard A=10479:com.android.todolist U=0 visible=true mode=fullscreen translucent=false sz=8}
08-28 20:31:44.776 16896 16896 I Quality : Skipped: true 5 cost 42.065247 refreshRate 0 processName com.android.todolist
08-28 20:31:44.784  2020  5519 I ActivityTaskManager: The Process com.android.todolist Already Exists in BG. So sending its PID: 16896
08-28 20:31:44.787  2020  5519 V WindowManager: Changing focus from Window{adadb1d u0 com.android.todolist/com.android.todolist.MainActivity} to null,diplayid=0
08-28 20:31:44.787  2020  5519 D CompactWindowManagerService: notifyCompactWindowState task: Task{dc11643 #61 type=standard A=10479:com.android.todolist U=0 visible=true mode=fullscreen translucent=false sz=8}; hasFocus: false
08-28 20:31:44.823 16896 16896 I Quality : Skipped: false 2 cost 22.333424 refreshRate 0 processName com.android.todolist
08-28 20:31:44.832  2020  6070 V WindowManager: Changing focus from null to Window{43fe679 u0 com.android.todolist/com.android.todolist.ListActivity},diplayid=0
08-28 20:31:44.832  2020  6070 D CompactWindowManagerService: notifyCompactWindowState task: Task{dc11643 #61 type=standard A=10479:com.android.todolist U=0 visible=true mode=fullscreen translucent=false sz=8}; hasFocus: true
08-28 20:31:44.832  2020  6070 D ActivityTaskManager: onWindowFocusChanged Task{dc11643 #61 type=standard A=10479:com.android.todolist U=0 visible=true mode=fullscreen translucent=false sz=8} would transfer to compact
08-28 20:31:44.842  2020  2052 D CompactWindowManagerService: updateBackgroundSurface openingApp: ActivityRecord{ab99a10 u0 com.android.todolist/.ListActivity t61}
08-28 20:31:44.842  2020  2052 D CompactWindowManagerService: addSiblingToAnimationTargets:sibling = ActivityRecord{ac025eb u0 com.android.todolist/.MainActivity t61}; replacedMoveAnimation = -1
08-28 20:31:44.842  2020  2052 D CompactWindowManagerService: addSiblingToAnimationTargets:sibling = ActivityRecord{ac025eb u0 com.android.todolist/.MainActivity t61}; replacedMoveAnimation = -1
08-28 20:31:44.842  2020  2052 D CompactWindowManagerService: addSiblingToAnimationTargets:sibling = ActivityRecord{ac025eb u0 com.android.todolist/.MainActivity t61}; replacedMoveAnimation = -1
08-28 20:31:44.844  2020  2052 D OplusZoomWindowManagerService: adjustWindowCropForLeash start: appToken = ActivityRecord{ab99a10 u0 com.android.todolist/.ListActivity t61}
08-28 20:31:44.845 16896 16896 I Quality : Skipped: false 2 cost 19.06094 refreshRate 0 processName com.android.todolist
08-28 20:31:44.846  2020  2052 D OplusZoomWindowManagerService: adjustWindowCropForLeash start: appToken = ActivityRecord{ac025eb u0 com.android.todolist/.MainActivity t61}
08-28 20:31:44.847  2020  2052 I Quality : LaunchTime2.0: com.android.todolist/.ListActivity 2 72
08-28 20:31:45.254  2020  2052 V OplusZoomWindowManagerService: onAnimationFinished:  r = ActivityRecord{ab99a10 u0 com.android.todolist/.ListActivity t61}
08-28 20:31:45.254  2020  2052 I OplusAppSwitchManagerService:  handleAppVisible , r = ActivityRecord{ab99a10 u0 com.android.todolist/.ListActivity t61}
08-28 20:31:45.255  2020  2052 V OplusZoomWindowManagerService: onAnimationFinished:  r = ActivityRecord{ac025eb u0 com.android.todolist/.MainActivity t61}
08-28 20:31:46.030 16896 16896 I Quality : Skipped: false 1 cost 14.112153 refreshRate 0 processName com.android.todolist
08-28 20:31:46.775  2020  6070 W NotificationService: Toast already killed. pkg=com.android.todolist token=android.os.BinderProxy@27e9400
08-28 20:31:46.776 16896 16896 I Quality : Skipped: false 1 cost 10.495412 refreshRate 0 processName com.android.todolist
08-28 20:31:49.563 16896 16896 I Quality : Skipped: false 1 cost 26.382427 refreshRate 0 processName com.android.todolist
08-28 20:31:52.744  2020  5370 I ActivityTaskManager: START u0 {cmp=com.android.todolist/.MainActivity mCallingUid=10479} from uid 10479
08-28 20:31:52.748  2020  5370 D OplusZoomWindowRUSConfigManager: isSupportZoomModeWithPolicyLocked: target = com.android.todolist/.MainActivity
08-28 20:31:52.748  2020  5370 D OplusZoomWindowRUSConfigManager: targetPkg = com.android.todolist
08-28 20:31:52.748  2020  5370 V OplusZoomWindowManagerService: unSupportZoom: false ,callingPid: 16896 ,sourceStack: Task{dc11643 #61 type=standard A=10479:com.android.todolist U=0 visible=true mode=fullscreen translucent=false sz=8}
08-28 20:31:52.753  2020  5370 D CompactWindowManagerService: onOriginListAdded child: ActivityRecord{81adbc1 u0 com.android.todolist/.MainActivity t61}; parent: Task{dc11643 #61 type=standard A=10479:com.android.todolist U=0 visible=true mode=fullscreen translucent=false sz=9}
08-28 20:31:52.753  2020  5370 D TaskExtImpl: add ActivityRecord{81adbc1 u0 com.android.todolist/.MainActivity t61} to mActivityRecordSum = Counter{ com.android.todolist/.ListActivity(1) com.android.todolist/.MainActivity(8) }
08-28 20:31:52.754  2020  5370 D ActivityTaskManager: getStartingWindowType: newTask=false, taskSwitch=false, processRunning=true, allowTaskSnapshot=true, activityCreated=false, snapshot=TaskSnapshot{ mId=1661707620480 mTopActivityComponent=com.android.todolist/.MainActivity mSnapshot=android.hardware.HardwareBuffer@97559e7 (1080x2400) mColorSpace=sRGB IEC61966-2.1 (id=0, model=RGB) mOrientation=1 mRotation=0 mTaskSize=Point(1080, 2400) mContentInsets=[0,103][0,0] mIsLowResolution=false mIsRealSnapshot=true mWindowingMode=1 mAppearance=0 mIsTranslucent=false mHasImeSurface=false, record:ActivityRecord{81adbc1 u0 com.android.todolist/.MainActivity t61}
08-28 20:31:52.754  2020  5370 D OplusZoomWindowRUSConfigManager: isSupportZoomModeWithPolicyLocked: target = com.android.todolist/.MainActivity
08-28 20:31:52.754  2020  5370 D OplusZoomWindowRUSConfigManager: targetPkg = com.android.todolist
08-28 20:31:52.754  2020  5370 V OplusZoomWindowManagerService: unSupportZoom: false ,callingPid: 16896 ,sourceStack: Task{dc11643 #61 type=standard A=10479:com.android.todolist U=0 visible=true mode=fullscreen translucent=false sz=9}
08-28 20:31:52.758 16896 16896 I Quality : Skipped: false 2 cost 24.657257 refreshRate 0 processName com.android.todolist
08-28 20:31:52.760  2020  5370 I ActivityTaskManager: The Process com.android.todolist Already Exists in BG. So sending its PID: 16896
08-28 20:31:52.763  2020  5370 V WindowManager: Changing focus from Window{43fe679 u0 com.android.todolist/com.android.todolist.ListActivity} to null,diplayid=0
08-28 20:31:52.763  2020  5370 D CompactWindowManagerService: notifyCompactWindowState task: Task{dc11643 #61 type=standard A=10479:com.android.todolist U=0 visible=true mode=fullscreen translucent=false sz=9}; hasFocus: false
08-28 20:31:52.790 16896 16896 I Quality : Skipped: false 2 cost 23.497244 refreshRate 0 processName com.android.todolist
08-28 20:31:52.804  2020  3419 V WindowManager: Changing focus from null to Window{1c97243 u0 com.android.todolist/com.android.todolist.MainActivity},diplayid=0
08-28 20:31:52.804  2020  3419 D CompactWindowManagerService: notifyCompactWindowState task: Task{dc11643 #61 type=standard A=10479:com.android.todolist U=0 visible=true mode=fullscreen translucent=false sz=9}; hasFocus: true
08-28 20:31:52.804  2020  3419 D ActivityTaskManager: onWindowFocusChanged Task{dc11643 #61 type=standard A=10479:com.android.todolist U=0 visible=true mode=fullscreen translucent=false sz=9} would transfer to compact
08-28 20:31:52.823  2020  2052 D CompactWindowManagerService: updateBackgroundSurface openingApp: ActivityRecord{81adbc1 u0 com.android.todolist/.MainActivity t61}
08-28 20:31:52.823  2020  2052 D CompactWindowManagerService: addSiblingToAnimationTargets:sibling = ActivityRecord{ab99a10 u0 com.android.todolist/.ListActivity t61 f}}; replacedMoveAnimation = -1
08-28 20:31:52.823  2020  2052 D CompactWindowManagerService: addSiblingToAnimationTargets:sibling = ActivityRecord{ab99a10 u0 com.android.todolist/.ListActivity t61 f}}; replacedMoveAnimation = -1
08-28 20:31:52.823  2020  2052 D CompactWindowManagerService: addSiblingToAnimationTargets:sibling = ActivityRecord{ab99a10 u0 com.android.todolist/.ListActivity t61 f}}; replacedMoveAnimation = -1
08-28 20:31:52.825  2020  2052 D OplusZoomWindowManagerService: adjustWindowCropForLeash start: appToken = ActivityRecord{81adbc1 u0 com.android.todolist/.MainActivity t61}
08-28 20:31:52.825 16896 16896 I Quality : Skipped: false 4 cost 33.63773 refreshRate 0 processName com.android.todolist
08-28 20:31:52.829  2020  2052 D OplusZoomWindowManagerService: adjustWindowCropForLeash start: appToken = ActivityRecord{ab99a10 u0 com.android.todolist/.ListActivity t61 f}}
08-28 20:31:52.830  2020  2052 I Quality : LaunchTime2.0: com.android.todolist/.MainActivity 2 73
08-28 20:31:53.237  2020  2052 V OplusZoomWindowManagerService: onAnimationFinished:  r = ActivityRecord{81adbc1 u0 com.android.todolist/.MainActivity t61}
08-28 20:31:53.237  2020  2052 I OplusAppSwitchManagerService:  handleAppVisible , r = ActivityRecord{81adbc1 u0 com.android.todolist/.MainActivity t61}
08-28 20:31:53.238  2020  2052 V OplusZoomWindowManagerService: onAnimationFinished:  r = ActivityRecord{ab99a10 u0 com.android.todolist/.ListActivity t61 f}}
08-28 20:31:53.254  2020  5519 D TaskExtImpl: remove ActivityRecord{ab99a10 u0 com.android.todolist/.ListActivity t-1 f}} to mActivityRecordSum = Counter{ com.android.todolist/.MainActivity(8) }
08-28 20:31:54.241  2020  6061 I ActivityTaskManager: START u0 {cmp=com.android.todolist/.ListActivity (has extras) mCallingUid=10479} from uid 10479
08-28 20:31:54.242  2020  6061 D OplusZoomWindowRUSConfigManager: isSupportZoomModeWithPolicyLocked: target = com.android.todolist/.ListActivity
08-28 20:31:54.243  2020  6061 D OplusZoomWindowRUSConfigManager: targetPkg = com.android.todolist
08-28 20:31:54.243  2020  6061 V OplusZoomWindowManagerService: unSupportZoom: false ,callingPid: 16896 ,sourceStack: Task{dc11643 #61 type=standard A=10479:com.android.todolist U=0 visible=true mode=fullscreen translucent=false sz=8}
08-28 20:31:54.246  2020  6061 D CompactWindowManagerService: onOriginListAdded child: ActivityRecord{5bbb9e4 u0 com.android.todolist/.ListActivity t61}; parent: Task{dc11643 #61 type=standard A=10479:com.android.todolist U=0 visible=true mode=fullscreen translucent=false sz=9}
08-28 20:31:54.246  2020  6061 D TaskExtImpl: add ActivityRecord{5bbb9e4 u0 com.android.todolist/.ListActivity t61} to mActivityRecordSum = Counter{ com.android.todolist/.ListActivity(1) com.android.todolist/.MainActivity(8) }
08-28 20:31:54.247  2020  6061 D ActivityTaskManager: getStartingWindowType: newTask=false, taskSwitch=false, processRunning=true, allowTaskSnapshot=true, activityCreated=false, snapshot=TaskSnapshot{ mId=1661707620480 mTopActivityComponent=com.android.todolist/.MainActivity mSnapshot=android.hardware.HardwareBuffer@97559e7 (1080x2400) mColorSpace=sRGB IEC61966-2.1 (id=0, model=RGB) mOrientation=1 mRotation=0 mTaskSize=Point(1080, 2400) mContentInsets=[0,103][0,0] mIsLowResolution=false mIsRealSnapshot=true mWindowingMode=1 mAppearance=0 mIsTranslucent=false mHasImeSurface=false, record:ActivityRecord{5bbb9e4 u0 com.android.todolist/.ListActivity t61}
08-28 20:31:54.247  2020  6061 D OplusZoomWindowRUSConfigManager: isSupportZoomModeWithPolicyLocked: target = com.android.todolist/.ListActivity
08-28 20:31:54.247  2020  6061 D OplusZoomWindowRUSConfigManager: targetPkg = com.android.todolist
08-28 20:31:54.247  2020  6061 V OplusZoomWindowManagerService: unSupportZoom: false ,callingPid: 16896 ,sourceStack: Task{dc11643 #61 type=standard A=10479:com.android.todolist U=0 visible=true mode=fullscreen translucent=false sz=9}
08-28 20:31:54.250 16896 16896 I Quality : Skipped: true 2 cost 18.113249 refreshRate 0 processName com.android.todolist
08-28 20:31:54.258  2020  5496 I ActivityTaskManager: The Process com.android.todolist Already Exists in BG. So sending its PID: 16896
08-28 20:31:54.261  2020  5496 V WindowManager: Changing focus from Window{1c97243 u0 com.android.todolist/com.android.todolist.MainActivity} to null,diplayid=0
08-28 20:31:54.261  2020  5496 D CompactWindowManagerService: notifyCompactWindowState task: Task{dc11643 #61 type=standard A=10479:com.android.todolist U=0 visible=true mode=fullscreen translucent=false sz=9}; hasFocus: false
08-28 20:31:54.294 16896 16896 I Quality : Skipped: false 2 cost 20.168331 refreshRate 0 processName com.android.todolist
08-28 20:31:54.302  2020  5519 V WindowManager: Changing focus from null to Window{617e4bd u0 com.android.todolist/com.android.todolist.ListActivity},diplayid=0
08-28 20:31:54.302  2020  5519 D CompactWindowManagerService: notifyCompactWindowState task: Task{dc11643 #61 type=standard A=10479:com.android.todolist U=0 visible=true mode=fullscreen translucent=false sz=9}; hasFocus: true
08-28 20:31:54.302  2020  5519 D ActivityTaskManager: onWindowFocusChanged Task{dc11643 #61 type=standard A=10479:com.android.todolist U=0 visible=true mode=fullscreen translucent=false sz=9} would transfer to compact
08-28 20:31:54.312  2020  2052 D CompactWindowManagerService: updateBackgroundSurface openingApp: ActivityRecord{5bbb9e4 u0 com.android.todolist/.ListActivity t61}
08-28 20:31:54.312  2020  2052 D CompactWindowManagerService: addSiblingToAnimationTargets:sibling = ActivityRecord{81adbc1 u0 com.android.todolist/.MainActivity t61}; replacedMoveAnimation = -1
08-28 20:31:54.312  2020  2052 D CompactWindowManagerService: addSiblingToAnimationTargets:sibling = ActivityRecord{81adbc1 u0 com.android.todolist/.MainActivity t61}; replacedMoveAnimation = -1
08-28 20:31:54.312  2020  2052 D CompactWindowManagerService: addSiblingToAnimationTargets:sibling = ActivityRecord{81adbc1 u0 com.android.todolist/.MainActivity t61}; replacedMoveAnimation = -1
08-28 20:31:54.315 16896 16896 I Quality : Skipped: false 1 cost 15.877951 refreshRate 0 processName com.android.todolist
08-28 20:31:54.315  2020  2052 D OplusZoomWindowManagerService: adjustWindowCropForLeash start: appToken = ActivityRecord{5bbb9e4 u0 com.android.todolist/.ListActivity t61}
08-28 20:31:54.317  2020  2052 D OplusZoomWindowManagerService: adjustWindowCropForLeash start: appToken = ActivityRecord{81adbc1 u0 com.android.todolist/.MainActivity t61}
08-28 20:31:54.318  2020  2052 I Quality : LaunchTime2.0: com.android.todolist/.ListActivity 2 69
08-28 20:31:54.727  2020  2052 V OplusZoomWindowManagerService: onAnimationFinished:  r = ActivityRecord{81adbc1 u0 com.android.todolist/.MainActivity t61}
08-28 20:31:54.728  2020  2052 V OplusZoomWindowManagerService: onAnimationFinished:  r = ActivityRecord{5bbb9e4 u0 com.android.todolist/.ListActivity t61}
08-28 20:31:54.728  2020  2052 I OplusAppSwitchManagerService:  handleAppVisible , r = ActivityRecord{5bbb9e4 u0 com.android.todolist/.ListActivity t61}
08-28 20:31:56.254  2020  3419 W NotificationService: Toast already killed. pkg=com.android.todolist token=android.os.BinderProxy@247c537
08-28 20:31:56.296 16896 16896 I Quality : Skipped: false 3 cost 32.707233 refreshRate 0 processName com.android.todolist
08-28 20:31:56.306  2020  6061 V WindowManager: Changing focus from Window{617e4bd u0 com.android.todolist/com.android.todolist.ListActivity} to Window{9497dd3 u0 PopupWindow:1f52b6a},diplayid=0
08-28 20:31:56.346 16896 16896 I Quality : Skipped: false 5 cost 48.966625 refreshRate 0 processName com.android.todolist
08-28 20:31:57.520 16896 16896 I Quality : Skipped: false 7 cost 65.18291 refreshRate 0 processName com.android.todolist
08-28 20:31:57.527  2020  3419 V WindowManager: Changing focus from Window{9497dd3 u0 PopupWindow:1f52b6a} to Window{617e4bd u0 com.android.todolist/com.android.todolist.ListActivity},diplayid=0
08-28 20:31:57.546  2020  3419 V WindowManager: Changing focus from Window{617e4bd u0 com.android.todolist/com.android.todolist.ListActivity} to Window{9c4d972 u0 com.android.todolist/com.android.todolist.ListActivity},diplayid=0
08-28 20:31:57.561 16896 16896 I Quality : Skipped: false 4 cost 39.616817 refreshRate 0 processName com.android.todolist
08-28 20:31:57.575 16896 16896 I Quality : Skipped: false 1 cost 12.247238 refreshRate 0 processName com.android.todolist
08-28 20:31:58.203  2020  3419 V WindowManager: Changing focus from Window{9c4d972 u0 com.android.todolist/com.android.todolist.ListActivity EXITING} to Window{617e4bd u0 com.android.todolist/com.android.todolist.ListActivity},diplayid=0
08-28 20:31:58.214 16896 16896 I Quality : Skipped: false 2 cost 18.842928 refreshRate 0 processName com.android.todolist
08-28 20:31:58.982  2020  6061 I ActivityTaskManager: START u0 {cmp=com.android.todolist/.MainActivity mCallingUid=10479} from uid 10479
08-28 20:31:58.983  2020  6061 D OplusZoomWindowRUSConfigManager: isSupportZoomModeWithPolicyLocked: target = com.android.todolist/.MainActivity
08-28 20:31:58.983  2020  6061 D OplusZoomWindowRUSConfigManager: targetPkg = com.android.todolist
08-28 20:31:58.983  2020  6061 V OplusZoomWindowManagerService: unSupportZoom: false ,callingPid: 16896 ,sourceStack: Task{dc11643 #61 type=standard A=10479:com.android.todolist U=0 visible=true mode=fullscreen translucent=false sz=9}
08-28 20:31:58.986  2020  6061 D CompactWindowManagerService: onOriginListAdded child: ActivityRecord{d2f2d91 u0 com.android.todolist/.MainActivity t61}; parent: Task{dc11643 #61 type=standard A=10479:com.android.todolist U=0 visible=true mode=fullscreen translucent=false sz=10}
08-28 20:31:58.986  2020  6061 D TaskExtImpl: add ActivityRecord{d2f2d91 u0 com.android.todolist/.MainActivity t61} to mActivityRecordSum = Counter{ com.android.todolist/.ListActivity(1) com.android.todolist/.MainActivity(9) }
08-28 20:31:58.987  2020  6061 D ActivityTaskManager: getStartingWindowType: newTask=false, taskSwitch=false, processRunning=true, allowTaskSnapshot=true, activityCreated=false, snapshot=TaskSnapshot{ mId=1661707620480 mTopActivityComponent=com.android.todolist/.MainActivity mSnapshot=android.hardware.HardwareBuffer@97559e7 (1080x2400) mColorSpace=sRGB IEC61966-2.1 (id=0, model=RGB) mOrientation=1 mRotation=0 mTaskSize=Point(1080, 2400) mContentInsets=[0,103][0,0] mIsLowResolution=false mIsRealSnapshot=true mWindowingMode=1 mAppearance=0 mIsTranslucent=false mHasImeSurface=false, record:ActivityRecord{d2f2d91 u0 com.android.todolist/.MainActivity t61}
08-28 20:31:58.987  2020  6061 D OplusZoomWindowRUSConfigManager: isSupportZoomModeWithPolicyLocked: target = com.android.todolist/.MainActivity
08-28 20:31:58.987  2020  6061 D OplusZoomWindowRUSConfigManager: targetPkg = com.android.todolist
08-28 20:31:58.987  2020  6061 V OplusZoomWindowManagerService: unSupportZoom: false ,callingPid: 16896 ,sourceStack: Task{dc11643 #61 type=standard A=10479:com.android.todolist U=0 visible=true mode=fullscreen translucent=false sz=10}
08-28 20:31:58.992 16896 16896 I Quality : Skipped: false 1 cost 13.098787 refreshRate 0 processName com.android.todolist
08-28 20:31:58.994  2020  3419 I ActivityTaskManager: The Process com.android.todolist Already Exists in BG. So sending its PID: 16896
08-28 20:31:58.996  2020  3419 V WindowManager: Changing focus from Window{617e4bd u0 com.android.todolist/com.android.todolist.ListActivity} to null,diplayid=0
08-28 20:31:58.996  2020  3419 D CompactWindowManagerService: notifyCompactWindowState task: Task{dc11643 #61 type=standard A=10479:com.android.todolist U=0 visible=true mode=fullscreen translucent=false sz=10}; hasFocus: false
08-28 20:31:59.022 16896 16896 I Quality : Skipped: false 2 cost 18.499416 refreshRate 0 processName com.android.todolist
08-28 20:31:59.036  2020  5370 V WindowManager: Changing focus from null to Window{91ab593 u0 com.android.todolist/com.android.todolist.MainActivity},diplayid=0
08-28 20:31:59.036  2020  5370 D CompactWindowManagerService: notifyCompactWindowState task: Task{dc11643 #61 type=standard A=10479:com.android.todolist U=0 visible=true mode=fullscreen translucent=false sz=10}; hasFocus: true
08-28 20:31:59.036  2020  5370 D ActivityTaskManager: onWindowFocusChanged Task{dc11643 #61 type=standard A=10479:com.android.todolist U=0 visible=true mode=fullscreen translucent=false sz=10} would transfer to compact
08-28 20:31:59.054  2020  2052 D CompactWindowManagerService: updateBackgroundSurface openingApp: ActivityRecord{d2f2d91 u0 com.android.todolist/.MainActivity t61}
08-28 20:31:59.054  2020  2052 D CompactWindowManagerService: addSiblingToAnimationTargets:sibling = ActivityRecord{5bbb9e4 u0 com.android.todolist/.ListActivity t61 f}}; replacedMoveAnimation = -1
08-28 20:31:59.054  2020  2052 D CompactWindowManagerService: addSiblingToAnimationTargets:sibling = ActivityRecord{5bbb9e4 u0 com.android.todolist/.ListActivity t61 f}}; replacedMoveAnimation = -1
08-28 20:31:59.055  2020  2052 D CompactWindowManagerService: addSiblingToAnimationTargets:sibling = ActivityRecord{5bbb9e4 u0 com.android.todolist/.ListActivity t61 f}}; replacedMoveAnimation = -1
08-28 20:31:59.057 16896 16896 I Quality : Skipped: false 3 cost 28.32502 refreshRate 0 processName com.android.todolist
08-28 20:31:59.057  2020  2052 D OplusZoomWindowManagerService: adjustWindowCropForLeash start: appToken = ActivityRecord{d2f2d91 u0 com.android.todolist/.MainActivity t61}
08-28 20:31:59.059  2020  2052 D OplusZoomWindowManagerService: adjustWindowCropForLeash start: appToken = ActivityRecord{5bbb9e4 u0 com.android.todolist/.ListActivity t61 f}}
08-28 20:31:59.061  2020  2052 I Quality : LaunchTime2.0: com.android.todolist/.MainActivity 2 70
08-28 20:31:59.465  2020  2052 V OplusZoomWindowManagerService: onAnimationFinished:  r = ActivityRecord{5bbb9e4 u0 com.android.todolist/.ListActivity t61 f}}
08-28 20:31:59.466  2020  2052 V OplusZoomWindowManagerService: onAnimationFinished:  r = ActivityRecord{d2f2d91 u0 com.android.todolist/.MainActivity t61}
08-28 20:31:59.466  2020  2052 I OplusAppSwitchManagerService:  handleAppVisible , r = ActivityRecord{d2f2d91 u0 com.android.todolist/.MainActivity t61}
08-28 20:31:59.479  2020  5370 D TaskExtImpl: remove ActivityRecord{5bbb9e4 u0 com.android.todolist/.ListActivity t-1 f}} to mActivityRecordSum = Counter{ com.android.todolist/.MainActivity(9) }
08-28 20:32:15.465  2020  5370 D OplusAppListInterceptManager: shouldFilterTask::packageName = com.android.todolist
08-28 20:36:40.721  2020  5496 V WindowManager: Changing focus from Window{91ab593 u0 com.android.todolist/com.android.todolist.MainActivity} to Window{7feafa3 u0 NotificationShade},diplayid=0
08-28 20:36:40.721  2020  5496 D CompactWindowManagerService: notifyCompactWindowState task: Task{dc11643 #61 type=standard A=10479:com.android.todolist U=0 visible=true mode=fullscreen translucent=false sz=9}; hasFocus: false
08-28 20:36:43.466  2020  6062 V WindowManager: Changing focus from Window{7feafa3 u0 NotificationShade} to Window{91ab593 u0 com.android.todolist/com.android.todolist.MainActivity},diplayid=0
08-28 20:36:43.467  2020  6062 D CompactWindowManagerService: notifyCompactWindowState task: Task{dc11643 #61 type=standard A=10479:com.android.todolist U=0 visible=true mode=fullscreen translucent=false sz=9}; hasFocus: true
08-28 20:36:43.467  2020  6062 D ActivityTaskManager: onWindowFocusChanged Task{dc11643 #61 type=standard A=10479:com.android.todolist U=0 visible=true mode=fullscreen translucent=false sz=9} would transfer to compact
08-28 20:38:28.727  2020  2079 D BatteryStatsImplExtImpl: PowerDetails: time=2022-08-28-20-38-28, top=com.android.todolist.MainActivity, ref_counts=668004, ref_mode=0, brightness=0, refs_per_sec=3.0, modem_txTimeMs=[0, 0, 0, 0, 0], traffic=[289215029794,7693814388,601048646179,15123437303], ctr_drain=[196,9.73,0,0], rpmstat=[ADSP:99,96,APSS:0,00,CDSP:100,00,MPSS:141,73,SLPI:95,26,SLPI_ISLAND:95,16,aosd:100,03,cxsd:100,03], sap=false, audio=[spk:0, headset:0]
08-28 20:46:04.119  2020 21194 D OplusFeatureBrightnessBarController: curWindow = com.android.todolist/com.android.todolist.MainActivity
08-28 20:48:38.025  2020  2079 D BatteryStatsImplExtImpl: PowerDetails: time=2022-08-28-20-48-37, top=com.android.todolist.MainActivity, ref_counts=668682, ref_mode=0, brightness=0, refs_per_sec=1.0, modem_txTimeMs=[0, 0, 0, 0, 0], traffic=[289215029794,7693814388,601048646179,15123437303], ctr_drain=[196,9.73,0,0], rpmstat=[ADSP:99,38,APSS:0,00,CDSP:100,00,MPSS:135,45,SLPI:93,21,SLPI_ISLAND:93,21,aosd:99,94,cxsd:99,94], sap=false, audio=[spk:0, headset:0]
08-28 20:49:06.023  2020 21239 D OplusFeatureBrightnessBarController: curWindow = com.android.todolist/com.android.todolist.MainActivity
08-28 20:49:45.177  2020 21250 D OplusFeatureBrightnessBarController: curWindow = com.android.todolist/com.android.todolist.MainActivity
08-28 20:52:51.221  2020  6068 V WindowManager: Changing focus from Window{91ab593 u0 com.android.todolist/com.android.todolist.MainActivity} to Window{20f1849 u0 TemporaryFocusWindow},diplayid=0
08-28 20:52:51.221  2020  6068 D CompactWindowManagerService: notifyCompactWindowState task: Task{dc11643 #61 type=standard A=10479:com.android.todolist U=0 visible=true mode=fullscreen translucent=false sz=9}; hasFocus: false
08-28 20:52:51.426  2020  3416 D OplusAppListInterceptManager: shouldFilterTask::packageName = com.android.todolist
08-28 20:52:51.431  2020  3416 V OplusZoomWindowManagerService: onAnimationFinished:  r = ActivityRecord{d2f2d91 u0 com.android.todolist/.MainActivity t61}
08-28 20:52:51.991  2020  5519 D DisplayManagerService: setSpecBrightness gear = 0 reason = com.android.todolist@temperature@34@normal rate = -1
08-28 20:52:51.992  2020  5519 D MaxBrightnessController: new parameter! gear = 0 set reason = com.android.todolist@temperature@34@normal brightness = 10239 package = com.android.todolist type = temperature temperature = 34 priority = normal rate = -1 HadDragPoint = false mode = 1
08-28 20:52:51.994  2020  5519 D VRR [OPlusRefreshRateService]:  setFrameRateTargetControl [ 0.0 , com.android.todolist , false , com.oplus.battery ]
08-28 20:52:51.994  2020  5519 D VRR [OPlusExternalRefreshRateManager]:  [FRTC] FrameRate : 0 com.android.todolist false com.oplus.battery
08-28 20:52:51.994  2020  2136 D VRR [OPlusSurfaceFlingerController]:  add frtc FrameRate : 0 com.android.todolist false com.oplus.battery
08-28 20:55:01.713  2020  5370 D VRR [OPlusRefreshRateService]:  setFrameRateTargetControl [ 0.0 , com.android.todolist , false , com.oplus.battery ]
08-28 20:55:01.713  2020  5370 D VRR [OPlusExternalRefreshRateManager]:  [FRTC] FrameRate : 0 com.android.todolist false com.oplus.battery
08-28 20:55:01.713  2020  2136 D VRR [OPlusSurfaceFlingerController]:  add frtc FrameRate : 0 com.android.todolist false com.oplus.battery
08-28 20:55:05.457  2020  5420 D OplusSecurePayManager: resume secure pay app : com.android.todolist
08-28 20:55:05.457  2020  2151 D OplusSecurePayManager: startSecurePayIntent,pkgName:com.android.todolist UserHandle.CURRENT=UserHandle{-2}, mCurrentUserId=0
08-28 20:55:05.461  2020  5420 D TaskExtImpl: addColorModeOnResume resume=true pkg = com.android.todolist
08-28 20:55:05.465  2020  5420 D ActivityTaskManager: getStartingWindowType: newTask=false, taskSwitch=true, processRunning=true, allowTaskSnapshot=true, activityCreated=true, snapshot=TaskSnapshot{ mId=1661709171380 mTopActivityComponent=com.android.todolist/.MainActivity mSnapshot=android.hardware.HardwareBuffer@fafddc9 (1080x2400) mColorSpace=sRGB IEC61966-2.1 (id=0, model=RGB) mOrientation=1 mRotation=0 mTaskSize=Point(1080, 2400) mContentInsets=[0,103][0,0] mIsLowResolution=false mIsRealSnapshot=true mWindowingMode=1 mAppearance=0 mIsTranslucent=false mHasImeSurface=false, record:ActivityRecord{d2f2d91 u0 com.android.todolist/.MainActivity t61}
08-28 20:55:05.468  2020  5420 D CompactWindowManagerService: updateBackgroundSurface openingApp: ActivityRecord{d2f2d91 u0 com.android.todolist/.MainActivity t61}
08-28 20:55:05.564  2020  5420 V WindowManager: Changing focus from Window{7feafa3 u0 NotificationShade} to Window{91ab593 u0 com.android.todolist/com.android.todolist.MainActivity},diplayid=0
08-28 20:55:05.564  2020  5420 D CompactWindowManagerService: notifyCompactWindowState task: Task{dc11643 #61 type=standard A=10479:com.android.todolist U=0 visible=true mode=fullscreen translucent=false sz=9}; hasFocus: true
08-28 20:55:05.564  2020  5420 D ActivityTaskManager: onWindowFocusChanged Task{dc11643 #61 type=standard A=10479:com.android.todolist U=0 visible=true mode=fullscreen translucent=false sz=9} would transfer to compact
